one instance not found SM_TXN->SM_STATE[R506]:  Trans_ID "f788b4f6-4881-406e-bd27-b59c8be43404" 
one instance not found SM_TXN->SM_STATE[R506]:  Trans_ID "7c2083ba-b1be-4b65-a323-e00510b6f3ea" 
one instance not found SM_SEME->SM_STATE[R503]:  SMevt_ID "8c6051c9-0083-4f59-b7c2-e733d99dc809" 
one instance not found SM_SEME->SM_SEVT[R503]:  SMevt_ID "8c6051c9-0083-4f59-b7c2-e733d99dc809" 
one instance not found SM_SEME->SM_STATE[R503]:  SMevt_ID "ab043da7-d814-4f0c-84e6-346b65486a65" 
one instance not found SM_SEME->SM_SEVT[R503]:  SMevt_ID "ab043da7-d814-4f0c-84e6-346b65486a65" 
one instance not found SM_SEME->SM_STATE[R503]:  SMevt_ID "caef799a-01a7-4183-ae22-bbb76f931cf2" 
one instance not found SM_SEME->SM_SEVT[R503]:  SMevt_ID "caef799a-01a7-4183-ae22-bbb76f931cf2" 
one instance not found SM_SEME->SM_STATE[R503]:  SMevt_ID "6e126090-24d2-4721-9a82-33eaefb8e664" 
one instance not found SM_SEME->SM_SEVT[R503]:  SMevt_ID "6e126090-24d2-4721-9a82-33eaefb8e664" 
one instance not found SM_MOAH->SM_STATE[R511]:  Act_ID "2e1c2939-d6ca-4186-b8a3-2ab91a33f512" 
instances checked:  870
checks made:  4390
errors found:  11
