one instance not found S_BPARM->S_BRG[R21]:  BParm_ID 15 year
one instance not found S_BPARM->S_BRG[R21]:  BParm_ID 11 month
one instance not found S_BPARM->S_BRG[R21]:  BParm_ID 14 day
one instance not found S_BPARM->S_BRG[R21]:  BParm_ID 13 hour
one instance not found S_BPARM->S_BRG[R21]:  BParm_ID 12 minute
one instance not found S_BPARM->S_BRG[R21]:  BParm_ID 8 second
instances checked:  870
checks made:  4390
errors found:  6
