subtype not found from SM_SM across R510:  SM_ID "7155cbee-2ad5-470a-b1c1-837f7f12c176" 
one instance not found SM_MOAH->SM_STATE[R511]:  Act_ID "2e1c2939-d6ca-4186-b8a3-2ab91a33f512" 
one instance not found SM_MOAH->SM_STATE[R511]:  Act_ID "42078e31-f607-4546-bbe0-ef29de25c489" 
instances checked:  870
checks made:  4392
errors found:  3
