one instance not found S_BPARM->S_BRG[R21]:  BParm_ID "31471c37-1169-44d5-9006-42288267ab45" year
one instance not found S_BPARM->S_BRG[R21]:  BParm_ID "1cac62b8-c01d-4400-afc1-7e72ba426a69" month
one instance not found S_BPARM->S_BRG[R21]:  BParm_ID "ab780261-3874-490b-99cb-a013ae2126e8" day
one instance not found S_BPARM->S_BRG[R21]:  BParm_ID "dbf441d6-4e7c-444a-adf5-c3946af17387" hour
one instance not found S_BPARM->S_BRG[R21]:  BParm_ID "60e54366-2fc6-4ddf-bf9f-47c9ce6b52a6" minute
one instance not found S_BPARM->S_BRG[R21]:  BParm_ID "82f5448f-df59-4f95-adc4-c6d7fe99219e" second
instances checked:  870
checks made:  4390
errors found:  6
