one instance not found S_ENUM->S_EDT[R27]:  Enum_ID 285 high
one instance not found S_ENUM->S_EDT[R27]:  Enum_ID 287 med_high
one instance not found S_ENUM->S_EDT[R27]:  Enum_ID 288 medium
one instance not found S_ENUM->S_EDT[R27]:  Enum_ID 286 med_low
one instance not found S_ENUM->S_EDT[R27]:  Enum_ID 284 low
supertype not found across S_EDT->S_DT[R17]:  DT_ID  
subtype not found from S_DT across R17:  DT_ID 149 tube_wattage
instances checked:  871
checks made:  4393
errors found:  7
