uniqueness violation in O_ATTR for identifier 1:  Attr_ID "f1b68858-c581-46d8-80d3-0bf5af85611a" BeeperID
subtype not found from O_ATTR across R106:  Attr_ID "f1b68858-c581-46d8-80d3-0bf5af85611a" BeeperID
uniqueness violation in O_ATTR for identifier 1:  Attr_ID "f1b68858-c581-46d8-80d3-0bf5af85611a" BeeperID
instances checked:  872
checks made:  4399
errors found:  3
